../Core/Src/main.c:93:5:main	8	static
../Core/Src/main.c:177:6:SystemClock_Config	88	static
../Core/Src/main.c:219:13:MX_ADC1_Init	24	static
../Core/Src/main.c:280:13:MX_USART3_UART_Init	8	static
../Core/Src/main.c:311:13:MX_DMA_Init	16	static
../Core/Src/main.c:329:13:MX_GPIO_Init	48	static
../Core/Src/main.c:358:6:HAL_ADC_ConvCpltCallback	16	static
../Core/Src/main.c:371:6:taskAnalogRead	24	static
../Core/Src/main.c:404:6:onOff	16	static
../Core/Src/main.c:429:6:Error_Handler	4	static,ignoring_inline_asm
